Archive member included to satisfy reference by file (symbol)

c:/program files (x86)/avr-gcc-12.0.1/bin/../lib/gcc/avr/12.1.0/avr6\libgcc.a(_exit.o)
                              c:/program files (x86)/avr-gcc-12.0.1/bin/../lib/gcc/avr/12.1.0/../../../../avr/lib/avr6/crtatmega2560.o (exit)
c:/program files (x86)/avr-gcc-12.0.1/bin/../lib/gcc/avr/12.1.0/avr6\libgcc.a(_copy_data.o)
                              obj\Debug\display.o (__do_copy_data)
c:/program files (x86)/avr-gcc-12.0.1/bin/../lib/gcc/avr/12.1.0/avr6\libgcc.a(_clear_bss.o)
                              obj\Debug\IR.o (__do_clear_bss)
c:/program files (x86)/avr-gcc-12.0.1/bin/../lib/gcc/avr/12.1.0/avr6\libgcc.a(_umulhisi3.o)
                              obj\Debug\display.o (__umulhisi3)

Memory Configuration

Name             Origin             Length             Attributes
text             0x0000000000000000 0x0000000000100000 xr
data             0x0000000000800200 0x000000000000fe00 rw !x
eeprom           0x0000000000810000 0x0000000000010000 rw !x
fuse             0x0000000000820000 0x0000000000000003 rw !x
lock             0x0000000000830000 0x0000000000000400 rw !x
signature        0x0000000000840000 0x0000000000000400 rw !x
user_signatures  0x0000000000850000 0x0000000000000400 rw !x
*default*        0x0000000000000000 0xffffffffffffffff

Linker script and memory map

Address of section .data set to 0x800200
LOAD c:/program files (x86)/avr-gcc-12.0.1/bin/../lib/gcc/avr/12.1.0/../../../../avr/lib/avr6/crtatmega2560.o
LOAD obj\Debug\display.o
LOAD obj\Debug\fuse.o
LOAD obj\Debug\IR.o
LOAD obj\Debug\main.o
LOAD obj\Debug\navigatieLogica.o
LOAD obj\Debug\stepperDriver.o
LOAD obj\Debug\ultrasoon.o
START GROUP
LOAD c:/program files (x86)/avr-gcc-12.0.1/bin/../lib/gcc/avr/12.1.0/avr6\libgcc.a
LOAD c:/program files (x86)/avr-gcc-12.0.1/bin/../lib/gcc/avr/12.1.0/../../../../avr/lib/avr6\libm.a
LOAD c:/program files (x86)/avr-gcc-12.0.1/bin/../lib/gcc/avr/12.1.0/../../../../avr/lib/avr6\libc.a
LOAD c:/program files (x86)/avr-gcc-12.0.1/bin/../lib/gcc/avr/12.1.0/../../../../avr/lib/avr6\libatmega2560.a
END GROUP
                0x0000000000100000                __TEXT_REGION_LENGTH__ = DEFINED (__TEXT_REGION_LENGTH__)?__TEXT_REGION_LENGTH__:0x100000
                0x000000000000fe00                __DATA_REGION_LENGTH__ = DEFINED (__DATA_REGION_LENGTH__)?__DATA_REGION_LENGTH__:0xfe00
                0x0000000000010000                __EEPROM_REGION_LENGTH__ = DEFINED (__EEPROM_REGION_LENGTH__)?__EEPROM_REGION_LENGTH__:0x10000
                [0x0000000000000003]                __FUSE_REGION_LENGTH__ = DEFINED (__FUSE_REGION_LENGTH__)?__FUSE_REGION_LENGTH__:0x400
                0x0000000000000400                __LOCK_REGION_LENGTH__ = DEFINED (__LOCK_REGION_LENGTH__)?__LOCK_REGION_LENGTH__:0x400
                0x0000000000000400                __SIGNATURE_REGION_LENGTH__ = DEFINED (__SIGNATURE_REGION_LENGTH__)?__SIGNATURE_REGION_LENGTH__:0x400
                0x0000000000000400                __USER_SIGNATURE_REGION_LENGTH__ = DEFINED (__USER_SIGNATURE_REGION_LENGTH__)?__USER_SIGNATURE_REGION_LENGTH__:0x400

.hash
 *(.hash)

.dynsym
 *(.dynsym)

.dynstr
 *(.dynstr)

.gnu.version
 *(.gnu.version)

.gnu.version_d
 *(.gnu.version_d)

.gnu.version_r
 *(.gnu.version_r)

.rel.init
 *(.rel.init)

.rela.init
 *(.rela.init)

.rel.text
 *(.rel.text)
 *(.rel.text.*)
 *(.rel.gnu.linkonce.t*)

.rela.text
 *(.rela.text)
 *(.rela.text.*)
 *(.rela.gnu.linkonce.t*)

.rel.fini
 *(.rel.fini)

.rela.fini
 *(.rela.fini)

.rel.rodata
 *(.rel.rodata)
 *(.rel.rodata.*)
 *(.rel.gnu.linkonce.r*)

.rela.rodata
 *(.rela.rodata)
 *(.rela.rodata.*)
 *(.rela.gnu.linkonce.r*)

.rel.data
 *(.rel.data)
 *(.rel.data.*)
 *(.rel.gnu.linkonce.d*)

.rela.data
 *(.rela.data)
 *(.rela.data.*)
 *(.rela.gnu.linkonce.d*)

.rel.ctors
 *(.rel.ctors)

.rela.ctors
 *(.rela.ctors)

.rel.dtors
 *(.rel.dtors)

.rela.dtors
 *(.rela.dtors)

.rel.got
 *(.rel.got)

.rela.got
 *(.rela.got)

.rel.bss
 *(.rel.bss)

.rela.bss
 *(.rela.bss)

.rel.plt
 *(.rel.plt)

.rela.plt
 *(.rela.plt)

.text           0x0000000000000000      0x89e
 *(.vectors)
 .vectors       0x0000000000000000       0xe4 c:/program files (x86)/avr-gcc-12.0.1/bin/../lib/gcc/avr/12.1.0/../../../../avr/lib/avr6/crtatmega2560.o
                0x0000000000000000                __vector_default
                0x0000000000000000                __vectors
 *(.vectors)
 *(.progmem.gcc*)
                0x00000000000000e4                . = ALIGN (0x2)
                0x00000000000000e4                __trampolines_start = .
 *(.trampolines)
 .trampolines   0x00000000000000e4        0x0 linker stubs
 *(.trampolines*)
                0x00000000000000e4                __trampolines_end = .
 *libprintf_flt.a:*(.progmem.data)
 *libc.a:*(.progmem.data)
 *(.progmem.*)
                0x00000000000000e4                . = ALIGN (0x2)
 *(.lowtext)
 *(.lowtext*)
                0x00000000000000e4                __ctors_start = .
 *(.ctors)
                0x00000000000000e4                __ctors_end = .
                0x00000000000000e4                __dtors_start = .
 *(.dtors)
                0x00000000000000e4                __dtors_end = .
 SORT_BY_NAME(*)(.ctors)
 SORT_BY_NAME(*)(.dtors)
 *(.init0)
 .init0         0x00000000000000e4        0x0 c:/program files (x86)/avr-gcc-12.0.1/bin/../lib/gcc/avr/12.1.0/../../../../avr/lib/avr6/crtatmega2560.o
                0x00000000000000e4                __init
 *(.init0)
 *(.init1)
 *(.init1)
 *(.init2)
 .init2         0x00000000000000e4       0x10 c:/program files (x86)/avr-gcc-12.0.1/bin/../lib/gcc/avr/12.1.0/../../../../avr/lib/avr6/crtatmega2560.o
 *(.init2)
 *(.init3)
 *(.init3)
 *(.init4)
 .init4         0x00000000000000f4       0x1a c:/program files (x86)/avr-gcc-12.0.1/bin/../lib/gcc/avr/12.1.0/avr6\libgcc.a(_copy_data.o)
                0x00000000000000f4                __do_copy_data
 .init4         0x000000000000010e       0x10 c:/program files (x86)/avr-gcc-12.0.1/bin/../lib/gcc/avr/12.1.0/avr6\libgcc.a(_clear_bss.o)
                0x000000000000010e                __do_clear_bss
 *(.init4)
 *(.init5)
 *(.init5)
 *(.init6)
 *(.init6)
 *(.init7)
 *(.init7)
 *(.init8)
 *(.init8)
 *(.init9)
 .init9         0x000000000000011e        0x8 c:/program files (x86)/avr-gcc-12.0.1/bin/../lib/gcc/avr/12.1.0/../../../../avr/lib/avr6/crtatmega2560.o
 *(.init9)
 *(.text)
 .text          0x0000000000000126        0x4 c:/program files (x86)/avr-gcc-12.0.1/bin/../lib/gcc/avr/12.1.0/../../../../avr/lib/avr6/crtatmega2560.o
                0x0000000000000126                __vector_38
                0x0000000000000126                __vector_22
                0x0000000000000126                __vector_28
                0x0000000000000126                __vector_1
                0x0000000000000126                __vector_32
                0x0000000000000126                __vector_34
                0x0000000000000126                __vector_24
                0x0000000000000126                __vector_12
                0x0000000000000126                __vector_55
                0x0000000000000126                __bad_interrupt
                0x0000000000000126                __vector_6
                0x0000000000000126                __vector_31
                0x0000000000000126                __vector_39
                0x0000000000000126                __vector_3
                0x0000000000000126                __vector_23
                0x0000000000000126                __vector_30
                0x0000000000000126                __vector_25
                0x0000000000000126                __vector_11
                0x0000000000000126                __vector_54
                0x0000000000000126                __vector_13
                0x0000000000000126                __vector_17
                0x0000000000000126                __vector_19
                0x0000000000000126                __vector_56
                0x0000000000000126                __vector_7
                0x0000000000000126                __vector_49
                0x0000000000000126                __vector_41
                0x0000000000000126                __vector_43
                0x0000000000000126                __vector_27
                0x0000000000000126                __vector_5
                0x0000000000000126                __vector_33
                0x0000000000000126                __vector_47
                0x0000000000000126                __vector_52
                0x0000000000000126                __vector_37
                0x0000000000000126                __vector_4
                0x0000000000000126                __vector_44
                0x0000000000000126                __vector_51
                0x0000000000000126                __vector_9
                0x0000000000000126                __vector_2
                0x0000000000000126                __vector_21
                0x0000000000000126                __vector_15
                0x0000000000000126                __vector_36
                0x0000000000000126                __vector_29
                0x0000000000000126                __vector_40
                0x0000000000000126                __vector_8
                0x0000000000000126                __vector_26
                0x0000000000000126                __vector_48
                0x0000000000000126                __vector_14
                0x0000000000000126                __vector_53
                0x0000000000000126                __vector_10
                0x0000000000000126                __vector_16
                0x0000000000000126                __vector_18
                0x0000000000000126                __vector_20
                0x0000000000000126                __vector_42
 .text          0x000000000000012a      0x112 obj\Debug\display.o
                0x000000000000012a                init_display
                0x000000000000014a                send_data
                0x0000000000000184                send_enable
                0x0000000000000196                display
                0x00000000000001b4                display_getal
 .text          0x000000000000023c        0x0 obj\Debug\fuse.o
 .text          0x000000000000023c       0x72 obj\Debug\IR.o
                0x000000000000023c                IR_init
                0x0000000000000244                IR_RUN
 .text          0x00000000000002ae       0x1a obj\Debug\main.o
                0x00000000000002ae                main
 .text          0x00000000000002c8      0x2dc obj\Debug\navigatieLogica.o
                0x00000000000002c8                metingPadbreedte
                0x00000000000002e8                vooruit
                0x00000000000002fa                stop
                0x000000000000030c                rechtdoor
                0x0000000000000410                rechtsom
                0x00000000000004da                linksom
 .text          0x00000000000005a4      0x152 obj\Debug\stepperDriver.o
                0x00000000000005a4                initPinsStepper
                0x00000000000005ce                initTimer3Stepper
                0x00000000000005f4                initTimer4Stepper
                0x000000000000061a                initStepper
                0x0000000000000628                speedStepperRight
                0x0000000000000636                speedStepperLeft
                0x0000000000000644                toggleStepperDirectionRight
                0x0000000000000668                toggleStepperDirectionLeft
                0x000000000000069c                __vector_45
                0x00000000000006c0                __vector_35
                0x00000000000006e4                clearStepCnt
 .text          0x00000000000006f6      0x186 obj\Debug\ultrasoon.o
                0x00000000000006f6                init_timer5
                0x000000000000072c                init_pins_ultrasoon
                0x0000000000000754                init_ultrasoon
                0x000000000000075e                __vector_50
                0x0000000000000786                __vector_46
 .text          0x000000000000087c        0x0 c:/program files (x86)/avr-gcc-12.0.1/bin/../lib/gcc/avr/12.1.0/avr6\libgcc.a(_exit.o)
 .text          0x000000000000087c        0x0 c:/program files (x86)/avr-gcc-12.0.1/bin/../lib/gcc/avr/12.1.0/avr6\libgcc.a(_copy_data.o)
 .text          0x000000000000087c        0x0 c:/program files (x86)/avr-gcc-12.0.1/bin/../lib/gcc/avr/12.1.0/avr6\libgcc.a(_clear_bss.o)
 .text          0x000000000000087c        0x0 c:/program files (x86)/avr-gcc-12.0.1/bin/../lib/gcc/avr/12.1.0/avr6\libgcc.a(_umulhisi3.o)
                0x000000000000087c                . = ALIGN (0x2)
 *(.text.*)
 .text.libgcc.mul
                0x000000000000087c        0x0 c:/program files (x86)/avr-gcc-12.0.1/bin/../lib/gcc/avr/12.1.0/avr6\libgcc.a(_exit.o)
 .text.libgcc.div
                0x000000000000087c        0x0 c:/program files (x86)/avr-gcc-12.0.1/bin/../lib/gcc/avr/12.1.0/avr6\libgcc.a(_exit.o)
 .text.libgcc   0x000000000000087c        0x0 c:/program files (x86)/avr-gcc-12.0.1/bin/../lib/gcc/avr/12.1.0/avr6\libgcc.a(_exit.o)
 .text.libgcc.prologue
                0x000000000000087c        0x0 c:/program files (x86)/avr-gcc-12.0.1/bin/../lib/gcc/avr/12.1.0/avr6\libgcc.a(_exit.o)
 .text.libgcc.builtins
                0x000000000000087c        0x0 c:/program files (x86)/avr-gcc-12.0.1/bin/../lib/gcc/avr/12.1.0/avr6\libgcc.a(_exit.o)
 .text.libgcc.fmul
                0x000000000000087c        0x0 c:/program files (x86)/avr-gcc-12.0.1/bin/../lib/gcc/avr/12.1.0/avr6\libgcc.a(_exit.o)
 .text.libgcc.fixed
                0x000000000000087c        0x0 c:/program files (x86)/avr-gcc-12.0.1/bin/../lib/gcc/avr/12.1.0/avr6\libgcc.a(_exit.o)
 .text.libgcc.mul
                0x000000000000087c        0x0 c:/program files (x86)/avr-gcc-12.0.1/bin/../lib/gcc/avr/12.1.0/avr6\libgcc.a(_copy_data.o)
 .text.libgcc.div
                0x000000000000087c        0x0 c:/program files (x86)/avr-gcc-12.0.1/bin/../lib/gcc/avr/12.1.0/avr6\libgcc.a(_copy_data.o)
 .text.libgcc   0x000000000000087c        0x0 c:/program files (x86)/avr-gcc-12.0.1/bin/../lib/gcc/avr/12.1.0/avr6\libgcc.a(_copy_data.o)
 .text.libgcc.prologue
                0x000000000000087c        0x0 c:/program files (x86)/avr-gcc-12.0.1/bin/../lib/gcc/avr/12.1.0/avr6\libgcc.a(_copy_data.o)
 .text.libgcc.builtins
                0x000000000000087c        0x0 c:/program files (x86)/avr-gcc-12.0.1/bin/../lib/gcc/avr/12.1.0/avr6\libgcc.a(_copy_data.o)
 .text.libgcc.fmul
                0x000000000000087c        0x0 c:/program files (x86)/avr-gcc-12.0.1/bin/../lib/gcc/avr/12.1.0/avr6\libgcc.a(_copy_data.o)
 .text.libgcc.fixed
                0x000000000000087c        0x0 c:/program files (x86)/avr-gcc-12.0.1/bin/../lib/gcc/avr/12.1.0/avr6\libgcc.a(_copy_data.o)
 .text.libgcc.mul
                0x000000000000087c        0x0 c:/program files (x86)/avr-gcc-12.0.1/bin/../lib/gcc/avr/12.1.0/avr6\libgcc.a(_clear_bss.o)
 .text.libgcc.div
                0x000000000000087c        0x0 c:/program files (x86)/avr-gcc-12.0.1/bin/../lib/gcc/avr/12.1.0/avr6\libgcc.a(_clear_bss.o)
 .text.libgcc   0x000000000000087c        0x0 c:/program files (x86)/avr-gcc-12.0.1/bin/../lib/gcc/avr/12.1.0/avr6\libgcc.a(_clear_bss.o)
 .text.libgcc.prologue
                0x000000000000087c        0x0 c:/program files (x86)/avr-gcc-12.0.1/bin/../lib/gcc/avr/12.1.0/avr6\libgcc.a(_clear_bss.o)
 .text.libgcc.builtins
                0x000000000000087c        0x0 c:/program files (x86)/avr-gcc-12.0.1/bin/../lib/gcc/avr/12.1.0/avr6\libgcc.a(_clear_bss.o)
 .text.libgcc.fmul
                0x000000000000087c        0x0 c:/program files (x86)/avr-gcc-12.0.1/bin/../lib/gcc/avr/12.1.0/avr6\libgcc.a(_clear_bss.o)
 .text.libgcc.fixed
                0x000000000000087c        0x0 c:/program files (x86)/avr-gcc-12.0.1/bin/../lib/gcc/avr/12.1.0/avr6\libgcc.a(_clear_bss.o)
 .text.libgcc.mul
                0x000000000000087c       0x1e c:/program files (x86)/avr-gcc-12.0.1/bin/../lib/gcc/avr/12.1.0/avr6\libgcc.a(_umulhisi3.o)
                0x000000000000087c                __umulhisi3
 .text.libgcc.div
                0x000000000000089a        0x0 c:/program files (x86)/avr-gcc-12.0.1/bin/../lib/gcc/avr/12.1.0/avr6\libgcc.a(_umulhisi3.o)
 .text.libgcc   0x000000000000089a        0x0 c:/program files (x86)/avr-gcc-12.0.1/bin/../lib/gcc/avr/12.1.0/avr6\libgcc.a(_umulhisi3.o)
 .text.libgcc.prologue
                0x000000000000089a        0x0 c:/program files (x86)/avr-gcc-12.0.1/bin/../lib/gcc/avr/12.1.0/avr6\libgcc.a(_umulhisi3.o)
 .text.libgcc.builtins
                0x000000000000089a        0x0 c:/program files (x86)/avr-gcc-12.0.1/bin/../lib/gcc/avr/12.1.0/avr6\libgcc.a(_umulhisi3.o)
 .text.libgcc.fmul
                0x000000000000089a        0x0 c:/program files (x86)/avr-gcc-12.0.1/bin/../lib/gcc/avr/12.1.0/avr6\libgcc.a(_umulhisi3.o)
 .text.libgcc.fixed
                0x000000000000089a        0x0 c:/program files (x86)/avr-gcc-12.0.1/bin/../lib/gcc/avr/12.1.0/avr6\libgcc.a(_umulhisi3.o)
                0x000000000000089a                . = ALIGN (0x2)
 *(.fini9)
 .fini9         0x000000000000089a        0x0 c:/program files (x86)/avr-gcc-12.0.1/bin/../lib/gcc/avr/12.1.0/avr6\libgcc.a(_exit.o)
                0x000000000000089a                _exit
                0x000000000000089a                exit
 *(.fini9)
 *(.fini8)
 *(.fini8)
 *(.fini7)
 *(.fini7)
 *(.fini6)
 *(.fini6)
 *(.fini5)
 *(.fini5)
 *(.fini4)
 *(.fini4)
 *(.fini3)
 *(.fini3)
 *(.fini2)
 *(.fini2)
 *(.fini1)
 *(.fini1)
 *(.fini0)
 .fini0         0x000000000000089a        0x4 c:/program files (x86)/avr-gcc-12.0.1/bin/../lib/gcc/avr/12.1.0/avr6\libgcc.a(_exit.o)
 *(.fini0)
 *(.hightext)
 *(.hightext*)
 *(.progmemx.*)
                0x000000000000089e                . = ALIGN (0x2)
 *(.jumptables)
 *(.jumptables*)
                0x000000000000089e                _etext = .

.data           0x0000000000800200       0x20 load address 0x000000000000089e
                0x0000000000800200                PROVIDE (__data_start = .)
 *(.data)
 .data          0x0000000000800200        0x0 c:/program files (x86)/avr-gcc-12.0.1/bin/../lib/gcc/avr/12.1.0/../../../../avr/lib/avr6/crtatmega2560.o
 .data          0x0000000000800200        0x0 obj\Debug\display.o
 .data          0x0000000000800200        0x0 obj\Debug\fuse.o
 .data          0x0000000000800200        0x0 obj\Debug\IR.o
 .data          0x0000000000800200        0x0 obj\Debug\main.o
 .data          0x0000000000800200        0x0 obj\Debug\navigatieLogica.o
 .data          0x0000000000800200        0x0 obj\Debug\stepperDriver.o
 .data          0x0000000000800200        0x0 obj\Debug\ultrasoon.o
 .data          0x0000000000800200        0x0 c:/program files (x86)/avr-gcc-12.0.1/bin/../lib/gcc/avr/12.1.0/avr6\libgcc.a(_exit.o)
 .data          0x0000000000800200        0x0 c:/program files (x86)/avr-gcc-12.0.1/bin/../lib/gcc/avr/12.1.0/avr6\libgcc.a(_copy_data.o)
 .data          0x0000000000800200        0x0 c:/program files (x86)/avr-gcc-12.0.1/bin/../lib/gcc/avr/12.1.0/avr6\libgcc.a(_clear_bss.o)
 .data          0x0000000000800200        0x0 c:/program files (x86)/avr-gcc-12.0.1/bin/../lib/gcc/avr/12.1.0/avr6\libgcc.a(_umulhisi3.o)
 *(.data*)
 *(.gnu.linkonce.d*)
 *(.rodata)
 .rodata        0x0000000000800200       0x20 obj\Debug\display.o
 *(.rodata*)
 *(.gnu.linkonce.r*)
                0x0000000000800220                . = ALIGN (0x2)
                0x0000000000800220                _edata = .
                0x0000000000800220                PROVIDE (__data_end = .)

.bss            0x0000000000800220       0x16
                0x0000000000800220                PROVIDE (__bss_start = .)
 *(.bss)
 .bss           0x0000000000800220        0x0 c:/program files (x86)/avr-gcc-12.0.1/bin/../lib/gcc/avr/12.1.0/../../../../avr/lib/avr6/crtatmega2560.o
 .bss           0x0000000000800220        0x0 obj\Debug\display.o
 .bss           0x0000000000800220        0x0 obj\Debug\fuse.o
 .bss           0x0000000000800220        0x4 obj\Debug\IR.o
                0x0000000000800220                tel
 .bss           0x0000000000800224        0x0 obj\Debug\main.o
 .bss           0x0000000000800224        0x2 obj\Debug\navigatieLogica.o
                0x0000000000800224                padbreedte
 .bss           0x0000000000800226        0x8 obj\Debug\stepperDriver.o
                0x0000000000800226                stepCounterRight
                0x0000000000800228                stepCounterLeft
 .bss           0x000000000080022e        0x8 obj\Debug\ultrasoon.o
                0x000000000080022e                current_sensor
                0x0000000000800230                distance_left
                0x0000000000800232                distance_right
 .bss           0x0000000000800236        0x0 c:/program files (x86)/avr-gcc-12.0.1/bin/../lib/gcc/avr/12.1.0/avr6\libgcc.a(_exit.o)
 .bss           0x0000000000800236        0x0 c:/program files (x86)/avr-gcc-12.0.1/bin/../lib/gcc/avr/12.1.0/avr6\libgcc.a(_copy_data.o)
 .bss           0x0000000000800236        0x0 c:/program files (x86)/avr-gcc-12.0.1/bin/../lib/gcc/avr/12.1.0/avr6\libgcc.a(_clear_bss.o)
 .bss           0x0000000000800236        0x0 c:/program files (x86)/avr-gcc-12.0.1/bin/../lib/gcc/avr/12.1.0/avr6\libgcc.a(_umulhisi3.o)
 *(.bss*)
 *(COMMON)
                0x0000000000800236                PROVIDE (__bss_end = .)
                0x000000000000089e                __data_load_start = LOADADDR (.data)
                0x00000000000008be                __data_load_end = (__data_load_start + SIZEOF (.data))

.noinit         0x0000000000800236        0x0
                [!provide]                        PROVIDE (__noinit_start = .)
 *(.noinit .noinit.* .gnu.linkonce.n.*)
                [!provide]                        PROVIDE (__noinit_end = .)
                0x0000000000800236                _end = .
                [!provide]                        PROVIDE (__heap_start = .)

.eeprom         0x0000000000810000        0x0
 *(.eeprom*)
                0x0000000000810000                __eeprom_end = .

.fuse           0x0000000000820000        0x3
 *(.fuse)
 .fuse          0x0000000000820000        0x3 obj\Debug\fuse.o
                0x0000000000820000                __fuse
 *(.lfuse)
 *(.hfuse)
 *(.efuse)

.lock
 *(.lock*)

.signature
 *(.signature*)

.stab
 *(.stab)

.stabstr
 *(.stabstr)

.stab.excl
 *(.stab.excl)

.stab.exclstr
 *(.stab.exclstr)

.stab.index
 *(.stab.index)

.stab.indexstr
 *(.stab.indexstr)

.comment        0x0000000000000000       0x12
 *(.comment)
 .comment       0x0000000000000000       0x12 obj\Debug\display.o
                                         0x13 (size before relaxing)
 .comment       0x0000000000000012       0x13 obj\Debug\fuse.o
 .comment       0x0000000000000012       0x13 obj\Debug\IR.o
 .comment       0x0000000000000012       0x13 obj\Debug\main.o
 .comment       0x0000000000000012       0x13 obj\Debug\navigatieLogica.o
 .comment       0x0000000000000012       0x13 obj\Debug\stepperDriver.o
 .comment       0x0000000000000012       0x13 obj\Debug\ultrasoon.o

.note.gnu.avr.deviceinfo
                0x0000000000000000       0x40
 .note.gnu.avr.deviceinfo
                0x0000000000000000       0x40 c:/program files (x86)/avr-gcc-12.0.1/bin/../lib/gcc/avr/12.1.0/../../../../avr/lib/avr6/crtatmega2560.o

.note.gnu.build-id
 *(.note.gnu.build-id)

.debug
 *(.debug)

.line
 *(.line)

.debug_srcinfo
 *(.debug_srcinfo)

.debug_sfnames
 *(.debug_sfnames)

.debug_aranges  0x0000000000000000      0x158
 *(.debug_aranges)
 .debug_aranges
                0x0000000000000000       0x20 obj\Debug\display.o
 .debug_aranges
                0x0000000000000020       0x18 obj\Debug\fuse.o
 .debug_aranges
                0x0000000000000038       0x20 obj\Debug\IR.o
 .debug_aranges
                0x0000000000000058       0x20 obj\Debug\main.o
 .debug_aranges
                0x0000000000000078       0x20 obj\Debug\navigatieLogica.o
 .debug_aranges
                0x0000000000000098       0x20 obj\Debug\stepperDriver.o
 .debug_aranges
                0x00000000000000b8       0x20 obj\Debug\ultrasoon.o
 .debug_aranges
                0x00000000000000d8       0x20 c:/program files (x86)/avr-gcc-12.0.1/bin/../lib/gcc/avr/12.1.0/avr6\libgcc.a(_exit.o)
 .debug_aranges
                0x00000000000000f8       0x20 c:/program files (x86)/avr-gcc-12.0.1/bin/../lib/gcc/avr/12.1.0/avr6\libgcc.a(_copy_data.o)
 .debug_aranges
                0x0000000000000118       0x20 c:/program files (x86)/avr-gcc-12.0.1/bin/../lib/gcc/avr/12.1.0/avr6\libgcc.a(_clear_bss.o)
 .debug_aranges
                0x0000000000000138       0x20 c:/program files (x86)/avr-gcc-12.0.1/bin/../lib/gcc/avr/12.1.0/avr6\libgcc.a(_umulhisi3.o)

.debug_pubnames
 *(.debug_pubnames)

.debug_info     0x0000000000000000     0x18c2
 *(.debug_info .gnu.linkonce.wi.*)
 .debug_info    0x0000000000000000      0xbbc c:/program files (x86)/avr-gcc-12.0.1/bin/../lib/gcc/avr/12.1.0/../../../../avr/lib/avr6/crtatmega2560.o
 .debug_info    0x0000000000000bbc      0x2b6 obj\Debug\display.o
 .debug_info    0x0000000000000e72       0xa2 obj\Debug\fuse.o
 .debug_info    0x0000000000000f14      0x1b0 obj\Debug\IR.o
 .debug_info    0x00000000000010c4       0xbf obj\Debug\main.o
 .debug_info    0x0000000000001183      0x386 obj\Debug\navigatieLogica.o
 .debug_info    0x0000000000001509      0x1d2 obj\Debug\stepperDriver.o
 .debug_info    0x00000000000016db      0x157 obj\Debug\ultrasoon.o
 .debug_info    0x0000000000001832       0x24 c:/program files (x86)/avr-gcc-12.0.1/bin/../lib/gcc/avr/12.1.0/avr6\libgcc.a(_exit.o)
 .debug_info    0x0000000000001856       0x24 c:/program files (x86)/avr-gcc-12.0.1/bin/../lib/gcc/avr/12.1.0/avr6\libgcc.a(_copy_data.o)
 .debug_info    0x000000000000187a       0x24 c:/program files (x86)/avr-gcc-12.0.1/bin/../lib/gcc/avr/12.1.0/avr6\libgcc.a(_clear_bss.o)
 .debug_info    0x000000000000189e       0x24 c:/program files (x86)/avr-gcc-12.0.1/bin/../lib/gcc/avr/12.1.0/avr6\libgcc.a(_umulhisi3.o)

.debug_abbrev   0x0000000000000000     0x11fb
 *(.debug_abbrev)
 .debug_abbrev  0x0000000000000000      0xb1a c:/program files (x86)/avr-gcc-12.0.1/bin/../lib/gcc/avr/12.1.0/../../../../avr/lib/avr6/crtatmega2560.o
 .debug_abbrev  0x0000000000000b1a      0x19a obj\Debug\display.o
 .debug_abbrev  0x0000000000000cb4       0x7b obj\Debug\fuse.o
 .debug_abbrev  0x0000000000000d2f      0x15a obj\Debug\IR.o
 .debug_abbrev  0x0000000000000e89       0x62 obj\Debug\main.o
 .debug_abbrev  0x0000000000000eeb      0x10b obj\Debug\navigatieLogica.o
 .debug_abbrev  0x0000000000000ff6       0xcd obj\Debug\stepperDriver.o
 .debug_abbrev  0x00000000000010c3       0xe8 obj\Debug\ultrasoon.o
 .debug_abbrev  0x00000000000011ab       0x14 c:/program files (x86)/avr-gcc-12.0.1/bin/../lib/gcc/avr/12.1.0/avr6\libgcc.a(_exit.o)
 .debug_abbrev  0x00000000000011bf       0x14 c:/program files (x86)/avr-gcc-12.0.1/bin/../lib/gcc/avr/12.1.0/avr6\libgcc.a(_copy_data.o)
 .debug_abbrev  0x00000000000011d3       0x14 c:/program files (x86)/avr-gcc-12.0.1/bin/../lib/gcc/avr/12.1.0/avr6\libgcc.a(_clear_bss.o)
 .debug_abbrev  0x00000000000011e7       0x14 c:/program files (x86)/avr-gcc-12.0.1/bin/../lib/gcc/avr/12.1.0/avr6\libgcc.a(_umulhisi3.o)

.debug_line     0x0000000000000000     0x124c
 *(.debug_line .debug_line.* .debug_line_end)
 .debug_line    0x0000000000000000       0x1d c:/program files (x86)/avr-gcc-12.0.1/bin/../lib/gcc/avr/12.1.0/../../../../avr/lib/avr6/crtatmega2560.o
 .debug_line    0x000000000000001d      0x32c obj\Debug\display.o
 .debug_line    0x0000000000000349       0x3f obj\Debug\fuse.o
 .debug_line    0x0000000000000388      0x1ef obj\Debug\IR.o
 .debug_line    0x0000000000000577       0x86 obj\Debug\main.o
 .debug_line    0x00000000000005fd      0x40b obj\Debug\navigatieLogica.o
 .debug_line    0x0000000000000a08      0x383 obj\Debug\stepperDriver.o
 .debug_line    0x0000000000000d8b      0x2c9 obj\Debug\ultrasoon.o
 .debug_line    0x0000000000001054       0x51 c:/program files (x86)/avr-gcc-12.0.1/bin/../lib/gcc/avr/12.1.0/avr6\libgcc.a(_exit.o)
 .debug_line    0x00000000000010a5       0x93 c:/program files (x86)/avr-gcc-12.0.1/bin/../lib/gcc/avr/12.1.0/avr6\libgcc.a(_copy_data.o)
 .debug_line    0x0000000000001138       0x75 c:/program files (x86)/avr-gcc-12.0.1/bin/../lib/gcc/avr/12.1.0/avr6\libgcc.a(_clear_bss.o)
 .debug_line    0x00000000000011ad       0x9f c:/program files (x86)/avr-gcc-12.0.1/bin/../lib/gcc/avr/12.1.0/avr6\libgcc.a(_umulhisi3.o)

.debug_frame    0x0000000000000000      0x2e4
 *(.debug_frame)
 .debug_frame   0x0000000000000000       0x84 obj\Debug\display.o
 .debug_frame   0x0000000000000084       0x34 obj\Debug\IR.o
 .debug_frame   0x00000000000000b8       0x24 obj\Debug\main.o
 .debug_frame   0x00000000000000dc       0x94 obj\Debug\navigatieLogica.o
 .debug_frame   0x0000000000000170       0xd4 obj\Debug\stepperDriver.o
 .debug_frame   0x0000000000000244       0xa0 obj\Debug\ultrasoon.o

.debug_str      0x0000000000000000      0x799
 *(.debug_str)
 .debug_str     0x0000000000000000      0x3e9 c:/program files (x86)/avr-gcc-12.0.1/bin/../lib/gcc/avr/12.1.0/../../../../avr/lib/avr6/crtatmega2560.o
 .debug_str     0x00000000000003e9      0x12f obj\Debug\display.o
                                        0x17b (size before relaxing)
 .debug_str     0x0000000000000518       0x1e obj\Debug\fuse.o
                                         0xdc (size before relaxing)
 .debug_str     0x0000000000000536       0x1c obj\Debug\IR.o
                                        0x132 (size before relaxing)
 .debug_str     0x0000000000000552       0x31 obj\Debug\main.o
                                         0xef (size before relaxing)
 .debug_str     0x0000000000000583       0xdf obj\Debug\navigatieLogica.o
                                        0x1ae (size before relaxing)
 .debug_str     0x0000000000000662       0x7d obj\Debug\stepperDriver.o
                                        0x1c6 (size before relaxing)
 .debug_str     0x00000000000006df       0x5b obj\Debug\ultrasoon.o
                                        0x156 (size before relaxing)
 .debug_str     0x000000000000073a       0x5f c:/program files (x86)/avr-gcc-12.0.1/bin/../lib/gcc/avr/12.1.0/avr6\libgcc.a(_exit.o)
 .debug_str     0x0000000000000799       0x5f c:/program files (x86)/avr-gcc-12.0.1/bin/../lib/gcc/avr/12.1.0/avr6\libgcc.a(_copy_data.o)
 .debug_str     0x0000000000000799       0x5f c:/program files (x86)/avr-gcc-12.0.1/bin/../lib/gcc/avr/12.1.0/avr6\libgcc.a(_clear_bss.o)
 .debug_str     0x0000000000000799       0x5f c:/program files (x86)/avr-gcc-12.0.1/bin/../lib/gcc/avr/12.1.0/avr6\libgcc.a(_umulhisi3.o)

.debug_loc
 *(.debug_loc)

.debug_macinfo
 *(.debug_macinfo)

.debug_weaknames
 *(.debug_weaknames)

.debug_funcnames
 *(.debug_funcnames)

.debug_typenames
 *(.debug_typenames)

.debug_varnames
 *(.debug_varnames)

.debug_pubtypes
 *(.debug_pubtypes)

.debug_ranges
 *(.debug_ranges)

.debug_addr
 *(.debug_addr)

.debug_line_str
                0x0000000000000000      0x203
 *(.debug_line_str)
 .debug_line_str
                0x0000000000000000       0xff obj\Debug\display.o
                                        0x187 (size before relaxing)
 .debug_line_str
                0x00000000000000ff       0x44 obj\Debug\fuse.o
                                        0x13a (size before relaxing)
 .debug_line_str
                0x0000000000000143        0xa obj\Debug\IR.o
                                        0x17d (size before relaxing)
 .debug_line_str
                0x000000000000014d       0x35 obj\Debug\main.o
                                        0x12b (size before relaxing)
 .debug_line_str
                0x0000000000000182       0x12 obj\Debug\navigatieLogica.o
                                        0x13a (size before relaxing)
 .debug_line_str
                0x0000000000000194       0x10 obj\Debug\stepperDriver.o
                                        0x163 (size before relaxing)
 .debug_line_str
                0x00000000000001a4        0xc obj\Debug\ultrasoon.o
                                        0x153 (size before relaxing)
 .debug_line_str
                0x00000000000001b0       0x53 c:/program files (x86)/avr-gcc-12.0.1/bin/../lib/gcc/avr/12.1.0/avr6\libgcc.a(_exit.o)
                                         0x5f (size before relaxing)
 .debug_line_str
                0x0000000000000203       0x5f c:/program files (x86)/avr-gcc-12.0.1/bin/../lib/gcc/avr/12.1.0/avr6\libgcc.a(_copy_data.o)
 .debug_line_str
                0x0000000000000203       0x5f c:/program files (x86)/avr-gcc-12.0.1/bin/../lib/gcc/avr/12.1.0/avr6\libgcc.a(_clear_bss.o)
 .debug_line_str
                0x0000000000000203       0x5f c:/program files (x86)/avr-gcc-12.0.1/bin/../lib/gcc/avr/12.1.0/avr6\libgcc.a(_umulhisi3.o)

.debug_loclists
                0x0000000000000000      0x230
 *(.debug_loclists)
 .debug_loclists
                0x0000000000000000      0x139 obj\Debug\display.o
 .debug_loclists
                0x0000000000000139       0x5a obj\Debug\IR.o
 .debug_loclists
                0x0000000000000193       0x74 obj\Debug\navigatieLogica.o
 .debug_loclists
                0x0000000000000207       0x29 obj\Debug\ultrasoon.o

.debug_macro
 *(.debug_macro)

.debug_names
 *(.debug_names)

.debug_rnglists
                0x0000000000000000       0x1a
 *(.debug_rnglists)
 .debug_rnglists
                0x0000000000000000       0x1a obj\Debug\display.o

.debug_str_offsets
 *(.debug_str_offsets)

.debug_sup
 *(.debug_sup)
OUTPUT(bin\Debug\BreinVanFred.elf elf32-avr)
LOAD linker stubs

Cross Reference Table

Symbol                                            File
IR_RUN                                            obj\Debug\IR.o
IR_init                                           obj\Debug\IR.o
__FUSE_REGION_LENGTH__                            c:/program files (x86)/avr-gcc-12.0.1/bin/../lib/gcc/avr/12.1.0/../../../../avr/lib/avr6/crtatmega2560.o
__bad_interrupt                                   c:/program files (x86)/avr-gcc-12.0.1/bin/../lib/gcc/avr/12.1.0/../../../../avr/lib/avr6/crtatmega2560.o
__bss_end                                         c:/program files (x86)/avr-gcc-12.0.1/bin/../lib/gcc/avr/12.1.0/avr6\libgcc.a(_clear_bss.o)
__bss_start                                       c:/program files (x86)/avr-gcc-12.0.1/bin/../lib/gcc/avr/12.1.0/avr6\libgcc.a(_clear_bss.o)
__data_end                                        c:/program files (x86)/avr-gcc-12.0.1/bin/../lib/gcc/avr/12.1.0/avr6\libgcc.a(_copy_data.o)
__data_load_start                                 c:/program files (x86)/avr-gcc-12.0.1/bin/../lib/gcc/avr/12.1.0/avr6\libgcc.a(_copy_data.o)
__data_start                                      c:/program files (x86)/avr-gcc-12.0.1/bin/../lib/gcc/avr/12.1.0/avr6\libgcc.a(_copy_data.o)
__do_clear_bss                                    c:/program files (x86)/avr-gcc-12.0.1/bin/../lib/gcc/avr/12.1.0/avr6\libgcc.a(_clear_bss.o)
                                                  obj\Debug\ultrasoon.o
                                                  obj\Debug\stepperDriver.o
                                                  obj\Debug\navigatieLogica.o
                                                  obj\Debug\IR.o
__do_copy_data                                    c:/program files (x86)/avr-gcc-12.0.1/bin/../lib/gcc/avr/12.1.0/avr6\libgcc.a(_copy_data.o)
                                                  obj\Debug\display.o
__fuse                                            obj\Debug\fuse.o
__heap_end                                        c:/program files (x86)/avr-gcc-12.0.1/bin/../lib/gcc/avr/12.1.0/../../../../avr/lib/avr6/crtatmega2560.o
__init                                            c:/program files (x86)/avr-gcc-12.0.1/bin/../lib/gcc/avr/12.1.0/../../../../avr/lib/avr6/crtatmega2560.o
__stack                                           c:/program files (x86)/avr-gcc-12.0.1/bin/../lib/gcc/avr/12.1.0/../../../../avr/lib/avr6/crtatmega2560.o
__umulhisi3                                       c:/program files (x86)/avr-gcc-12.0.1/bin/../lib/gcc/avr/12.1.0/avr6\libgcc.a(_umulhisi3.o)
                                                  obj\Debug\ultrasoon.o
                                                  obj\Debug\display.o
__vector_1                                        c:/program files (x86)/avr-gcc-12.0.1/bin/../lib/gcc/avr/12.1.0/../../../../avr/lib/avr6/crtatmega2560.o
__vector_10                                       c:/program files (x86)/avr-gcc-12.0.1/bin/../lib/gcc/avr/12.1.0/../../../../avr/lib/avr6/crtatmega2560.o
__vector_11                                       c:/program files (x86)/avr-gcc-12.0.1/bin/../lib/gcc/avr/12.1.0/../../../../avr/lib/avr6/crtatmega2560.o
__vector_12                                       c:/program files (x86)/avr-gcc-12.0.1/bin/../lib/gcc/avr/12.1.0/../../../../avr/lib/avr6/crtatmega2560.o
__vector_13                                       c:/program files (x86)/avr-gcc-12.0.1/bin/../lib/gcc/avr/12.1.0/../../../../avr/lib/avr6/crtatmega2560.o
__vector_14                                       c:/program files (x86)/avr-gcc-12.0.1/bin/../lib/gcc/avr/12.1.0/../../../../avr/lib/avr6/crtatmega2560.o
__vector_15                                       c:/program files (x86)/avr-gcc-12.0.1/bin/../lib/gcc/avr/12.1.0/../../../../avr/lib/avr6/crtatmega2560.o
__vector_16                                       c:/program files (x86)/avr-gcc-12.0.1/bin/../lib/gcc/avr/12.1.0/../../../../avr/lib/avr6/crtatmega2560.o
__vector_17                                       c:/program files (x86)/avr-gcc-12.0.1/bin/../lib/gcc/avr/12.1.0/../../../../avr/lib/avr6/crtatmega2560.o
__vector_18                                       c:/program files (x86)/avr-gcc-12.0.1/bin/../lib/gcc/avr/12.1.0/../../../../avr/lib/avr6/crtatmega2560.o
__vector_19                                       c:/program files (x86)/avr-gcc-12.0.1/bin/../lib/gcc/avr/12.1.0/../../../../avr/lib/avr6/crtatmega2560.o
__vector_2                                        c:/program files (x86)/avr-gcc-12.0.1/bin/../lib/gcc/avr/12.1.0/../../../../avr/lib/avr6/crtatmega2560.o
__vector_20                                       c:/program files (x86)/avr-gcc-12.0.1/bin/../lib/gcc/avr/12.1.0/../../../../avr/lib/avr6/crtatmega2560.o
__vector_21                                       c:/program files (x86)/avr-gcc-12.0.1/bin/../lib/gcc/avr/12.1.0/../../../../avr/lib/avr6/crtatmega2560.o
__vector_22                                       c:/program files (x86)/avr-gcc-12.0.1/bin/../lib/gcc/avr/12.1.0/../../../../avr/lib/avr6/crtatmega2560.o
__vector_23                                       c:/program files (x86)/avr-gcc-12.0.1/bin/../lib/gcc/avr/12.1.0/../../../../avr/lib/avr6/crtatmega2560.o
__vector_24                                       c:/program files (x86)/avr-gcc-12.0.1/bin/../lib/gcc/avr/12.1.0/../../../../avr/lib/avr6/crtatmega2560.o
__vector_25                                       c:/program files (x86)/avr-gcc-12.0.1/bin/../lib/gcc/avr/12.1.0/../../../../avr/lib/avr6/crtatmega2560.o
__vector_26                                       c:/program files (x86)/avr-gcc-12.0.1/bin/../lib/gcc/avr/12.1.0/../../../../avr/lib/avr6/crtatmega2560.o
__vector_27                                       c:/program files (x86)/avr-gcc-12.0.1/bin/../lib/gcc/avr/12.1.0/../../../../avr/lib/avr6/crtatmega2560.o
__vector_28                                       c:/program files (x86)/avr-gcc-12.0.1/bin/../lib/gcc/avr/12.1.0/../../../../avr/lib/avr6/crtatmega2560.o
__vector_29                                       c:/program files (x86)/avr-gcc-12.0.1/bin/../lib/gcc/avr/12.1.0/../../../../avr/lib/avr6/crtatmega2560.o
__vector_3                                        c:/program files (x86)/avr-gcc-12.0.1/bin/../lib/gcc/avr/12.1.0/../../../../avr/lib/avr6/crtatmega2560.o
__vector_30                                       c:/program files (x86)/avr-gcc-12.0.1/bin/../lib/gcc/avr/12.1.0/../../../../avr/lib/avr6/crtatmega2560.o
__vector_31                                       c:/program files (x86)/avr-gcc-12.0.1/bin/../lib/gcc/avr/12.1.0/../../../../avr/lib/avr6/crtatmega2560.o
__vector_32                                       c:/program files (x86)/avr-gcc-12.0.1/bin/../lib/gcc/avr/12.1.0/../../../../avr/lib/avr6/crtatmega2560.o
__vector_33                                       c:/program files (x86)/avr-gcc-12.0.1/bin/../lib/gcc/avr/12.1.0/../../../../avr/lib/avr6/crtatmega2560.o
__vector_34                                       c:/program files (x86)/avr-gcc-12.0.1/bin/../lib/gcc/avr/12.1.0/../../../../avr/lib/avr6/crtatmega2560.o
__vector_35                                       obj\Debug\stepperDriver.o
                                                  c:/program files (x86)/avr-gcc-12.0.1/bin/../lib/gcc/avr/12.1.0/../../../../avr/lib/avr6/crtatmega2560.o
__vector_36                                       c:/program files (x86)/avr-gcc-12.0.1/bin/../lib/gcc/avr/12.1.0/../../../../avr/lib/avr6/crtatmega2560.o
__vector_37                                       c:/program files (x86)/avr-gcc-12.0.1/bin/../lib/gcc/avr/12.1.0/../../../../avr/lib/avr6/crtatmega2560.o
__vector_38                                       c:/program files (x86)/avr-gcc-12.0.1/bin/../lib/gcc/avr/12.1.0/../../../../avr/lib/avr6/crtatmega2560.o
__vector_39                                       c:/program files (x86)/avr-gcc-12.0.1/bin/../lib/gcc/avr/12.1.0/../../../../avr/lib/avr6/crtatmega2560.o
__vector_4                                        c:/program files (x86)/avr-gcc-12.0.1/bin/../lib/gcc/avr/12.1.0/../../../../avr/lib/avr6/crtatmega2560.o
__vector_40                                       c:/program files (x86)/avr-gcc-12.0.1/bin/../lib/gcc/avr/12.1.0/../../../../avr/lib/avr6/crtatmega2560.o
__vector_41                                       c:/program files (x86)/avr-gcc-12.0.1/bin/../lib/gcc/avr/12.1.0/../../../../avr/lib/avr6/crtatmega2560.o
__vector_42                                       c:/program files (x86)/avr-gcc-12.0.1/bin/../lib/gcc/avr/12.1.0/../../../../avr/lib/avr6/crtatmega2560.o
__vector_43                                       c:/program files (x86)/avr-gcc-12.0.1/bin/../lib/gcc/avr/12.1.0/../../../../avr/lib/avr6/crtatmega2560.o
__vector_44                                       c:/program files (x86)/avr-gcc-12.0.1/bin/../lib/gcc/avr/12.1.0/../../../../avr/lib/avr6/crtatmega2560.o
__vector_45                                       obj\Debug\stepperDriver.o
                                                  c:/program files (x86)/avr-gcc-12.0.1/bin/../lib/gcc/avr/12.1.0/../../../../avr/lib/avr6/crtatmega2560.o
__vector_46                                       obj\Debug\ultrasoon.o
                                                  c:/program files (x86)/avr-gcc-12.0.1/bin/../lib/gcc/avr/12.1.0/../../../../avr/lib/avr6/crtatmega2560.o
__vector_47                                       c:/program files (x86)/avr-gcc-12.0.1/bin/../lib/gcc/avr/12.1.0/../../../../avr/lib/avr6/crtatmega2560.o
__vector_48                                       c:/program files (x86)/avr-gcc-12.0.1/bin/../lib/gcc/avr/12.1.0/../../../../avr/lib/avr6/crtatmega2560.o
__vector_49                                       c:/program files (x86)/avr-gcc-12.0.1/bin/../lib/gcc/avr/12.1.0/../../../../avr/lib/avr6/crtatmega2560.o
__vector_5                                        c:/program files (x86)/avr-gcc-12.0.1/bin/../lib/gcc/avr/12.1.0/../../../../avr/lib/avr6/crtatmega2560.o
__vector_50                                       obj\Debug\ultrasoon.o
                                                  c:/program files (x86)/avr-gcc-12.0.1/bin/../lib/gcc/avr/12.1.0/../../../../avr/lib/avr6/crtatmega2560.o
__vector_51                                       c:/program files (x86)/avr-gcc-12.0.1/bin/../lib/gcc/avr/12.1.0/../../../../avr/lib/avr6/crtatmega2560.o
__vector_52                                       c:/program files (x86)/avr-gcc-12.0.1/bin/../lib/gcc/avr/12.1.0/../../../../avr/lib/avr6/crtatmega2560.o
__vector_53                                       c:/program files (x86)/avr-gcc-12.0.1/bin/../lib/gcc/avr/12.1.0/../../../../avr/lib/avr6/crtatmega2560.o
__vector_54                                       c:/program files (x86)/avr-gcc-12.0.1/bin/../lib/gcc/avr/12.1.0/../../../../avr/lib/avr6/crtatmega2560.o
__vector_55                                       c:/program files (x86)/avr-gcc-12.0.1/bin/../lib/gcc/avr/12.1.0/../../../../avr/lib/avr6/crtatmega2560.o
__vector_56                                       c:/program files (x86)/avr-gcc-12.0.1/bin/../lib/gcc/avr/12.1.0/../../../../avr/lib/avr6/crtatmega2560.o
__vector_6                                        c:/program files (x86)/avr-gcc-12.0.1/bin/../lib/gcc/avr/12.1.0/../../../../avr/lib/avr6/crtatmega2560.o
__vector_7                                        c:/program files (x86)/avr-gcc-12.0.1/bin/../lib/gcc/avr/12.1.0/../../../../avr/lib/avr6/crtatmega2560.o
__vector_8                                        c:/program files (x86)/avr-gcc-12.0.1/bin/../lib/gcc/avr/12.1.0/../../../../avr/lib/avr6/crtatmega2560.o
__vector_9                                        c:/program files (x86)/avr-gcc-12.0.1/bin/../lib/gcc/avr/12.1.0/../../../../avr/lib/avr6/crtatmega2560.o
__vector_default                                  c:/program files (x86)/avr-gcc-12.0.1/bin/../lib/gcc/avr/12.1.0/../../../../avr/lib/avr6/crtatmega2560.o
__vectors                                         c:/program files (x86)/avr-gcc-12.0.1/bin/../lib/gcc/avr/12.1.0/../../../../avr/lib/avr6/crtatmega2560.o
_exit                                             c:/program files (x86)/avr-gcc-12.0.1/bin/../lib/gcc/avr/12.1.0/avr6\libgcc.a(_exit.o)
clearStepCnt                                      obj\Debug\stepperDriver.o
                                                  obj\Debug\navigatieLogica.o
current_sensor                                    obj\Debug\ultrasoon.o
display                                           obj\Debug\display.o
display_getal                                     obj\Debug\display.o
distance_left                                     obj\Debug\ultrasoon.o
                                                  obj\Debug\navigatieLogica.o
distance_right                                    obj\Debug\ultrasoon.o
                                                  obj\Debug\navigatieLogica.o
exit                                              c:/program files (x86)/avr-gcc-12.0.1/bin/../lib/gcc/avr/12.1.0/avr6\libgcc.a(_exit.o)
                                                  c:/program files (x86)/avr-gcc-12.0.1/bin/../lib/gcc/avr/12.1.0/../../../../avr/lib/avr6/crtatmega2560.o
initPinsStepper                                   obj\Debug\stepperDriver.o
initStepper                                       obj\Debug\stepperDriver.o
                                                  obj\Debug\main.o
initTimer3Stepper                                 obj\Debug\stepperDriver.o
initTimer4Stepper                                 obj\Debug\stepperDriver.o
init_display                                      obj\Debug\display.o
init_pins_ultrasoon                               obj\Debug\ultrasoon.o
init_timer5                                       obj\Debug\ultrasoon.o
init_ultrasoon                                    obj\Debug\ultrasoon.o
                                                  obj\Debug\main.o
linksom                                           obj\Debug\navigatieLogica.o
main                                              obj\Debug\main.o
                                                  c:/program files (x86)/avr-gcc-12.0.1/bin/../lib/gcc/avr/12.1.0/../../../../avr/lib/avr6/crtatmega2560.o
metingPadbreedte                                  obj\Debug\navigatieLogica.o
padbreedte                                        obj\Debug\navigatieLogica.o
rechtdoor                                         obj\Debug\navigatieLogica.o
rechtsom                                          obj\Debug\navigatieLogica.o
                                                  obj\Debug\main.o
send_data                                         obj\Debug\display.o
send_enable                                       obj\Debug\display.o
speedStepperLeft                                  obj\Debug\stepperDriver.o
                                                  obj\Debug\navigatieLogica.o
speedStepperRight                                 obj\Debug\stepperDriver.o
                                                  obj\Debug\navigatieLogica.o
stepCounterLeft                                   obj\Debug\stepperDriver.o
                                                  obj\Debug\navigatieLogica.o
stepCounterRight                                  obj\Debug\stepperDriver.o
stop                                              obj\Debug\navigatieLogica.o
tel                                               obj\Debug\IR.o
toggleStepperDirectionLeft                        obj\Debug\stepperDriver.o
                                                  obj\Debug\navigatieLogica.o
toggleStepperDirectionRight                       obj\Debug\stepperDriver.o
                                                  obj\Debug\navigatieLogica.o
vooruit                                           obj\Debug\navigatieLogica.o
                                                  obj\Debug\main.o
